{"timestamp":"2026-05-13T09:23:53.403Z","adminId":1,"username":"kashif.saleem","method":"GET","url":"/api/admin/overview","statusCode":200,"ip":"::1"}
{"timestamp":"2026-05-13T09:23:53.417Z","adminId":1,"username":"kashif.saleem","method":"GET","url":"/api/admin/overview","statusCode":200,"ip":"::1"}
{"timestamp":"2026-05-13T09:23:58.634Z","adminId":1,"username":"kashif.saleem","method":"GET","url":"/api/admin/overview","statusCode":200,"ip":"::1"}
{"timestamp":"2026-05-13T09:23:58.646Z","adminId":1,"username":"kashif.saleem","method":"GET","url":"/api/admin/overview","statusCode":200,"ip":"::1"}
{"timestamp":"2026-05-13T09:24:17.165Z","adminId":1,"username":"kashif.saleem","method":"GET","url":"/api/admin/reports.csv","statusCode":200,"ip":"::1"}
{"timestamp":"2026-05-13T09:24:34.636Z","adminId":1,"username":"kashif.saleem","method":"GET","url":"/api/admin/overview","statusCode":200,"ip":"::1"}
{"timestamp":"2026-05-13T09:24:34.652Z","adminId":1,"username":"kashif.saleem","method":"GET","url":"/api/admin/overview","statusCode":200,"ip":"::1"}
{"timestamp":"2026-05-13T09:25:20.075Z","adminId":1,"username":"kashif.saleem","method":"GET","url":"/api/admin/overview","statusCode":200,"ip":"::1"}
{"timestamp":"2026-05-13T09:25:20.087Z","adminId":1,"username":"kashif.saleem","method":"GET","url":"/api/admin/overview","statusCode":200,"ip":"::1"}
{"timestamp":"2026-05-13T09:25:23.519Z","adminId":1,"username":"kashif.saleem","method":"GET","url":"/api/admin/overview","statusCode":200,"ip":"::1"}
{"timestamp":"2026-05-13T09:25:23.526Z","adminId":1,"username":"kashif.saleem","method":"GET","url":"/api/admin/overview","statusCode":200,"ip":"::1"}
{"timestamp":"2026-05-13T09:25:30.550Z","adminId":1,"username":"kashif.saleem","method":"GET","url":"/api/admin/overview","statusCode":200,"ip":"::1"}
{"timestamp":"2026-05-13T09:25:30.559Z","adminId":1,"username":"kashif.saleem","method":"GET","url":"/api/admin/overview","statusCode":200,"ip":"::1"}
{"timestamp":"2026-05-13T09:27:30.581Z","adminId":1,"username":"kashif.saleem","method":"GET","url":"/api/admin/overview","statusCode":200,"ip":"::1"}
{"timestamp":"2026-05-13T09:27:30.597Z","adminId":1,"username":"kashif.saleem","method":"GET","url":"/api/admin/overview","statusCode":200,"ip":"::1"}
{"timestamp":"2026-05-13T09:28:30.413Z","adminId":1,"username":"kashif.saleem","method":"GET","url":"/api/admin/overview","statusCode":200,"ip":"::1"}
{"timestamp":"2026-05-13T09:28:30.422Z","adminId":1,"username":"kashif.saleem","method":"GET","url":"/api/admin/overview","statusCode":200,"ip":"::1"}
{"timestamp":"2026-05-13T09:29:01.785Z","adminId":1,"username":"kashif.saleem","method":"GET","url":"/api/admin/reports.pdf","statusCode":200,"ip":"::1"}
{"timestamp":"2026-05-13T09:29:29.144Z","adminId":1,"username":"kashif.saleem","method":"GET","url":"/api/admin/reports.csv","statusCode":200,"ip":"::1"}
{"timestamp":"2026-05-13T09:37:48.787Z","adminId":1,"username":"kashif.saleem","method":"GET","url":"/api/admin/overview","statusCode":200,"ip":"::1"}
{"timestamp":"2026-05-13T09:37:48.789Z","adminId":1,"username":"kashif.saleem","method":"GET","url":"/api/admin/overview","statusCode":200,"ip":"::1"}
{"timestamp":"2026-05-13T09:38:34.780Z","adminId":1,"username":"kashif.saleem","method":"GET","url":"/api/admin/overview","statusCode":200,"ip":"::1"}
{"timestamp":"2026-05-13T09:38:34.786Z","adminId":1,"username":"kashif.saleem","method":"GET","url":"/api/admin/overview","statusCode":200,"ip":"::1"}
{"timestamp":"2026-05-13T09:38:34.793Z","adminId":1,"username":"kashif.saleem","method":"GET","url":"/api/admin/overview","statusCode":200,"ip":"::1"}
{"timestamp":"2026-05-13T09:38:34.797Z","adminId":1,"username":"kashif.saleem","method":"GET","url":"/api/admin/overview","statusCode":200,"ip":"::1"}
{"timestamp":"2026-05-13T09:38:49.788Z","adminId":1,"username":"kashif.saleem","method":"GET","url":"/api/admin/overview","statusCode":200,"ip":"::1"}
{"timestamp":"2026-05-13T09:38:49.794Z","adminId":1,"username":"kashif.saleem","method":"GET","url":"/api/admin/overview","statusCode":200,"ip":"::1"}
{"timestamp":"2026-05-13T09:38:49.800Z","adminId":1,"username":"kashif.saleem","method":"GET","url":"/api/admin/overview","statusCode":200,"ip":"::1"}
{"timestamp":"2026-05-13T09:38:49.806Z","adminId":1,"username":"kashif.saleem","method":"GET","url":"/api/admin/overview","statusCode":200,"ip":"::1"}
{"timestamp":"2026-05-13T09:39:06.781Z","adminId":1,"username":"kashif.saleem","method":"GET","url":"/api/admin/overview","statusCode":200,"ip":"::1"}
{"timestamp":"2026-05-13T09:39:06.787Z","adminId":1,"username":"kashif.saleem","method":"GET","url":"/api/admin/overview","statusCode":200,"ip":"::1"}
{"timestamp":"2026-05-13T09:39:06.798Z","adminId":1,"username":"kashif.saleem","method":"GET","url":"/api/admin/overview","statusCode":200,"ip":"::1"}
{"timestamp":"2026-05-13T09:39:06.798Z","adminId":1,"username":"kashif.saleem","method":"GET","url":"/api/admin/overview","statusCode":200,"ip":"::1"}
{"timestamp":"2026-05-13T10:02:46.266Z","adminId":1,"username":"kashif.saleem","method":"GET","url":"/api/admin/overview","statusCode":200,"ip":"::1"}
{"timestamp":"2026-05-13T10:02:46.274Z","adminId":1,"username":"kashif.saleem","method":"GET","url":"/api/admin/overview","statusCode":200,"ip":"::1"}
{"timestamp":"2026-05-13T10:02:56.773Z","adminId":1,"username":"kashif.saleem","method":"GET","url":"/api/admin/overview","statusCode":200,"ip":"::1"}
{"timestamp":"2026-05-13T10:02:56.784Z","adminId":1,"username":"kashif.saleem","method":"GET","url":"/api/admin/overview","statusCode":200,"ip":"::1"}
{"timestamp":"2026-05-13T10:08:05.281Z","adminId":1,"username":"kashif.saleem","method":"GET","url":"/api/admin/overview","statusCode":200,"ip":"::1"}
{"timestamp":"2026-05-13T10:08:05.290Z","adminId":1,"username":"kashif.saleem","method":"GET","url":"/api/admin/overview","statusCode":200,"ip":"::1"}
{"timestamp":"2026-05-13T10:08:07.204Z","adminId":1,"username":"kashif.saleem","method":"GET","url":"/api/admin/overview","statusCode":200,"ip":"::1"}
{"timestamp":"2026-05-13T10:08:07.212Z","adminId":1,"username":"kashif.saleem","method":"GET","url":"/api/admin/overview","statusCode":200,"ip":"::1"}
{"timestamp":"2026-05-13T10:11:40.605Z","adminId":1,"username":"kashif.saleem","method":"GET","url":"/api/admin/overview","statusCode":200,"ip":"::1"}
{"timestamp":"2026-05-13T10:11:40.616Z","adminId":1,"username":"kashif.saleem","method":"GET","url":"/api/admin/overview","statusCode":200,"ip":"::1"}
{"timestamp":"2026-05-13T10:12:06.650Z","adminId":1,"username":"kashif.saleem","method":"GET","url":"/api/admin/overview","statusCode":200,"ip":"::1"}
{"timestamp":"2026-05-13T10:12:06.668Z","adminId":1,"username":"kashif.saleem","method":"GET","url":"/api/admin/overview","statusCode":200,"ip":"::1"}
{"timestamp":"2026-05-13T10:13:57.092Z","adminId":1,"username":"kashif.saleem","method":"GET","url":"/api/admin/overview","statusCode":200,"ip":"::1"}
{"timestamp":"2026-05-13T10:13:57.127Z","adminId":1,"username":"kashif.saleem","method":"GET","url":"/api/admin/overview","statusCode":200,"ip":"::1"}
{"timestamp":"2026-05-13T10:14:54.718Z","adminId":1,"username":"kashif.saleem","method":"GET","url":"/api/admin/overview","statusCode":200,"ip":"::1"}
{"timestamp":"2026-05-13T10:14:54.732Z","adminId":1,"username":"kashif.saleem","method":"GET","url":"/api/admin/overview","statusCode":200,"ip":"::1"}
{"timestamp":"2026-05-13T10:17:55.789Z","adminId":1,"username":"kashif.saleem","method":"GET","url":"/api/admin/overview","statusCode":200,"ip":"::1"}
{"timestamp":"2026-05-13T10:17:55.799Z","adminId":1,"username":"kashif.saleem","method":"GET","url":"/api/admin/overview","statusCode":200,"ip":"::1"}
{"timestamp":"2026-05-13T10:18:01.486Z","adminId":1,"username":"kashif.saleem","method":"GET","url":"/api/admin/overview","statusCode":200,"ip":"::1"}
{"timestamp":"2026-05-13T10:18:01.495Z","adminId":1,"username":"kashif.saleem","method":"GET","url":"/api/admin/overview","statusCode":200,"ip":"::1"}
{"timestamp":"2026-05-13T11:37:11.264Z","adminId":1,"username":"kashif.saleem","method":"GET","url":"/api/admin/overview","statusCode":200,"ip":"::1"}
{"timestamp":"2026-05-13T11:37:11.278Z","adminId":1,"username":"kashif.saleem","method":"GET","url":"/api/admin/overview","statusCode":200,"ip":"::1"}
{"timestamp":"2026-05-13T11:38:56.443Z","adminId":1,"username":"kashif.saleem","method":"GET","url":"/api/admin/overview","statusCode":200,"ip":"::1"}
{"timestamp":"2026-05-13T11:38:56.456Z","adminId":1,"username":"kashif.saleem","method":"GET","url":"/api/admin/overview","statusCode":200,"ip":"::1"}
{"timestamp":"2026-05-13T11:42:04.818Z","adminId":1,"username":"kashif.saleem","method":"GET","url":"/api/admin/overview","statusCode":200,"ip":"::1"}
{"timestamp":"2026-05-13T11:42:04.827Z","adminId":1,"username":"kashif.saleem","method":"GET","url":"/api/admin/overview","statusCode":200,"ip":"::1"}
{"timestamp":"2026-05-13T11:42:48.672Z","adminId":1,"username":"kashif.saleem","method":"GET","url":"/api/admin/overview","statusCode":200,"ip":"::1"}
{"timestamp":"2026-05-13T11:42:48.681Z","adminId":1,"username":"kashif.saleem","method":"GET","url":"/api/admin/overview","statusCode":200,"ip":"::1"}
{"timestamp":"2026-05-13T11:42:58.143Z","adminId":1,"username":"kashif.saleem","method":"GET","url":"/api/admin/overview","statusCode":200,"ip":"::1"}
{"timestamp":"2026-05-13T11:42:58.150Z","adminId":1,"username":"kashif.saleem","method":"GET","url":"/api/admin/overview","statusCode":200,"ip":"::1"}
{"timestamp":"2026-05-13T13:11:13.931Z","adminId":1,"username":"kashif.saleem","method":"GET","url":"/api/admin/overview","statusCode":200,"ip":"::1"}
{"timestamp":"2026-05-13T13:11:13.955Z","adminId":1,"username":"kashif.saleem","method":"GET","url":"/api/admin/overview","statusCode":200,"ip":"::1"}
{"timestamp":"2026-05-13T13:12:11.075Z","adminId":1,"username":"kashif.saleem","method":"GET","url":"/api/admin/reports.csv","statusCode":200,"ip":"::1"}
{"timestamp":"2026-05-13T13:16:47.747Z","adminId":1,"username":"kashif.saleem","method":"GET","url":"/api/admin/overview","statusCode":200,"ip":"::1"}
{"timestamp":"2026-05-13T13:16:47.764Z","adminId":1,"username":"kashif.saleem","method":"GET","url":"/api/admin/overview","statusCode":200,"ip":"::1"}
{"timestamp":"2026-05-13T13:16:48.634Z","adminId":1,"username":"kashif.saleem","method":"GET","url":"/api/admin/overview","statusCode":200,"ip":"::1"}
{"timestamp":"2026-05-13T13:16:48.647Z","adminId":1,"username":"kashif.saleem","method":"GET","url":"/api/admin/overview","statusCode":200,"ip":"::1"}
{"timestamp":"2026-05-13T13:17:17.624Z","adminId":1,"username":"kashif.saleem","method":"GET","url":"/api/admin/overview","statusCode":200,"ip":"::1"}
{"timestamp":"2026-05-13T13:17:17.653Z","adminId":1,"username":"kashif.saleem","method":"GET","url":"/api/admin/overview","statusCode":200,"ip":"::1"}
{"timestamp":"2026-05-13T13:17:38.215Z","adminId":1,"username":"kashif.saleem","method":"GET","url":"/api/admin/reports.csv","statusCode":200,"ip":"::1"}
{"timestamp":"2026-05-13T13:20:04.918Z","adminId":1,"username":"kashif.saleem","method":"GET","url":"/api/admin/overview","statusCode":200,"ip":"::1"}
{"timestamp":"2026-05-13T13:20:04.941Z","adminId":1,"username":"kashif.saleem","method":"GET","url":"/api/admin/overview","statusCode":200,"ip":"::1"}
{"timestamp":"2026-05-13T13:20:25.741Z","adminId":1,"username":"kashif.saleem","method":"GET","url":"/api/admin/overview","statusCode":200,"ip":"::1"}
{"timestamp":"2026-05-13T13:20:25.756Z","adminId":1,"username":"kashif.saleem","method":"GET","url":"/api/admin/overview","statusCode":200,"ip":"::1"}
{"timestamp":"2026-05-13T13:27:39.702Z","adminId":1,"username":"kashif.saleem","method":"GET","url":"/api/admin/overview","statusCode":200,"ip":"::1"}
{"timestamp":"2026-05-13T13:30:24.678Z","adminId":1,"username":"kashif.saleem","method":"GET","url":"/api/admin/overview","statusCode":200,"ip":"::1"}
{"timestamp":"2026-05-13T13:32:15.359Z","adminId":1,"username":"kashif.saleem","method":"GET","url":"/api/admin/reports.csv","statusCode":200,"ip":"::1"}
{"timestamp":"2026-05-13T13:43:26.785Z","adminId":1,"username":"kashif.saleem","method":"GET","url":"/api/admin/overview","statusCode":200,"ip":"::1"}
{"timestamp":"2026-05-13T13:43:26.803Z","adminId":1,"username":"kashif.saleem","method":"GET","url":"/api/admin/overview","statusCode":200,"ip":"::1"}
{"timestamp":"2026-05-13T13:44:23.539Z","adminId":1,"username":"kashif.saleem","method":"GET","url":"/api/admin/reports.pdf?region=RSDU+Hunza&school=AKESP+Hunza+Office&language=","statusCode":200,"ip":"::1"}
{"timestamp":"2026-05-13T13:44:23.645Z","adminId":1,"username":"kashif.saleem","method":"GET","url":"/api/admin/reports.pdf?region=RSDU+Hunza&school=AKESP+Hunza+Office&language=","statusCode":200,"ip":"::1"}
{"timestamp":"2026-05-13T13:44:35.328Z","adminId":1,"username":"kashif.saleem","method":"GET","url":"/api/admin/reports.csv?region=RSDU+Hunza&school=AKESP+Hunza+Office&language=","statusCode":200,"ip":"::1"}
{"timestamp":"2026-05-13T13:44:53.870Z","adminId":1,"username":"kashif.saleem","method":"GET","url":"/api/admin/reports.csv?region=RSDU+Hunza&school=AKESP+Hunza+Office&language=Gujarati","statusCode":200,"ip":"::1"}
{"timestamp":"2026-05-13T13:45:22.632Z","adminId":1,"username":"kashif.saleem","method":"GET","url":"/api/admin/overview","statusCode":200,"ip":"::1"}
{"timestamp":"2026-05-13T13:45:22.660Z","adminId":1,"username":"kashif.saleem","method":"GET","url":"/api/admin/overview","statusCode":200,"ip":"::1"}
{"timestamp":"2026-05-13T13:45:31.396Z","adminId":1,"username":"kashif.saleem","method":"GET","url":"/api/admin/reports.pdf?region=&school=AKESP+Hunza+Office&language=Sindhi","statusCode":200,"ip":"::1"}
{"timestamp":"2026-05-13T13:45:31.496Z","adminId":1,"username":"kashif.saleem","method":"GET","url":"/api/admin/reports.pdf?region=&school=AKESP+Hunza+Office&language=Sindhi","statusCode":200,"ip":"::1"}
{"timestamp":"2026-05-13T13:46:02.776Z","adminId":1,"username":"kashif.saleem","method":"GET","url":"/api/admin/reports.pdf?region=&school=AKESP+Hunza+Office&language=Sindhi","statusCode":200,"ip":"::1"}
{"timestamp":"2026-05-13T13:46:44.924Z","adminId":1,"username":"kashif.saleem","method":"GET","url":"/api/admin/overview","statusCode":200,"ip":"::1"}
{"timestamp":"2026-05-13T13:46:44.940Z","adminId":1,"username":"kashif.saleem","method":"GET","url":"/api/admin/overview","statusCode":200,"ip":"::1"}
{"timestamp":"2026-05-13T13:48:23.631Z","adminId":1,"username":"kashif.saleem","method":"GET","url":"/api/admin/reports.pdf?region=&school=&language=","statusCode":200,"ip":"::1"}
{"timestamp":"2026-05-13T13:48:23.727Z","adminId":1,"username":"kashif.saleem","method":"GET","url":"/api/admin/reports.pdf?region=&school=&language=","statusCode":200,"ip":"::1"}
{"timestamp":"2026-05-13T13:48:37.142Z","adminId":1,"username":"kashif.saleem","method":"GET","url":"/api/admin/reports.pdf?region=&school=&language=","statusCode":200,"ip":"::1"}
{"timestamp":"2026-05-13T13:48:37.244Z","adminId":1,"username":"kashif.saleem","method":"GET","url":"/api/admin/reports.pdf?region=&school=&language=","statusCode":200,"ip":"::1"}
{"timestamp":"2026-05-13T13:52:14.607Z","adminId":1,"username":"kashif.saleem","method":"GET","url":"/api/admin/overview","statusCode":200,"ip":"::1"}
{"timestamp":"2026-05-13T13:52:14.639Z","adminId":1,"username":"kashif.saleem","method":"GET","url":"/api/admin/overview","statusCode":200,"ip":"::1"}
{"timestamp":"2026-05-13T13:52:16.122Z","adminId":1,"username":"kashif.saleem","method":"GET","url":"/api/admin/overview","statusCode":200,"ip":"::1"}
{"timestamp":"2026-05-13T13:52:16.139Z","adminId":1,"username":"kashif.saleem","method":"GET","url":"/api/admin/overview","statusCode":200,"ip":"::1"}
{"timestamp":"2026-05-13T13:52:32.921Z","adminId":1,"username":"kashif.saleem","method":"GET","url":"/api/admin/reports.pdf?region=&school=&language=","statusCode":200,"ip":"::1"}
{"timestamp":"2026-05-13T13:54:40.180Z","adminId":1,"username":"kashif.saleem","method":"GET","url":"/api/admin/overview","statusCode":200,"ip":"::1"}
{"timestamp":"2026-05-13T13:54:40.214Z","adminId":1,"username":"kashif.saleem","method":"GET","url":"/api/admin/overview","statusCode":200,"ip":"::1"}
{"timestamp":"2026-05-13T13:54:43.444Z","adminId":1,"username":"kashif.saleem","method":"GET","url":"/api/admin/reports.pdf?region=&school=&language=","statusCode":200,"ip":"::1"}
{"timestamp":"2026-05-13T14:02:20.499Z","adminId":1,"username":"kashif.saleem","method":"GET","url":"/api/admin/overview","statusCode":200,"ip":"::1"}
{"timestamp":"2026-05-13T14:02:22.958Z","adminId":1,"username":"kashif.saleem","method":"GET","url":"/api/admin/overview","statusCode":200,"ip":"::1"}
{"timestamp":"2026-05-13T14:02:22.978Z","adminId":1,"username":"kashif.saleem","method":"GET","url":"/api/admin/overview","statusCode":200,"ip":"::1"}
{"timestamp":"2026-05-13T14:02:53.632Z","adminId":1,"username":"kashif.saleem","method":"GET","url":"/api/admin/overview","statusCode":200,"ip":"::1"}
{"timestamp":"2026-05-13T14:03:04.594Z","adminId":1,"username":"kashif.saleem","method":"GET","url":"/api/admin/overview","statusCode":200,"ip":"::1"}
{"timestamp":"2026-05-13T14:03:06.383Z","adminId":1,"username":"kashif.saleem","method":"GET","url":"/api/admin/overview","statusCode":200,"ip":"::1"}
{"timestamp":"2026-05-13T14:03:06.399Z","adminId":1,"username":"kashif.saleem","method":"GET","url":"/api/admin/overview","statusCode":200,"ip":"::1"}
{"timestamp":"2026-05-13T14:03:10.612Z","adminId":1,"username":"kashif.saleem","method":"GET","url":"/api/admin/overview","statusCode":200,"ip":"::1"}
{"timestamp":"2026-05-13T14:03:10.616Z","adminId":1,"username":"kashif.saleem","method":"GET","url":"/api/admin/overview","statusCode":200,"ip":"::1"}
{"timestamp":"2026-05-13T14:03:28.662Z","adminId":1,"username":"kashif.saleem","method":"GET","url":"/api/admin/overview","statusCode":200,"ip":"::1"}
{"timestamp":"2026-05-13T14:03:42.687Z","adminId":1,"username":"kashif.saleem","method":"GET","url":"/api/admin/overview","statusCode":200,"ip":"::1"}
{"timestamp":"2026-05-13T14:03:55.253Z","adminId":1,"username":"kashif.saleem","method":"GET","url":"/api/admin/overview","statusCode":200,"ip":"::1"}
{"timestamp":"2026-05-13T14:04:08.598Z","adminId":1,"username":"kashif.saleem","method":"GET","url":"/api/admin/overview","statusCode":200,"ip":"::1"}
{"timestamp":"2026-05-13T14:04:17.058Z","adminId":1,"username":"kashif.saleem","method":"GET","url":"/api/admin/overview","statusCode":200,"ip":"::1"}
{"timestamp":"2026-05-13T14:04:49.081Z","adminId":1,"username":"kashif.saleem","method":"GET","url":"/api/admin/overview","statusCode":200,"ip":"::1"}
{"timestamp":"2026-05-13T14:05:10.852Z","adminId":1,"username":"kashif.saleem","method":"GET","url":"/api/admin/overview","statusCode":200,"ip":"::1"}
{"timestamp":"2026-05-13T14:05:46.168Z","adminId":1,"username":"kashif.saleem","method":"GET","url":"/api/admin/overview","statusCode":200,"ip":"::1"}
{"timestamp":"2026-05-13T14:06:55.904Z","adminId":1,"username":"kashif.saleem","method":"GET","url":"/api/admin/overview","statusCode":200,"ip":"::1"}
{"timestamp":"2026-05-13T14:07:22.147Z","adminId":1,"username":"kashif.saleem","method":"GET","url":"/api/admin/reports.pdf?region=&school=&language=","statusCode":200,"ip":"::1"}
{"timestamp":"2026-05-13T14:07:25.063Z","adminId":1,"username":"kashif.saleem","method":"GET","url":"/api/admin/reports.pdf?region=&school=&language=","statusCode":200,"ip":"::1"}
{"timestamp":"2026-05-13T14:09:36.663Z","adminId":1,"username":"kashif.saleem","method":"GET","url":"/api/admin/overview","statusCode":200,"ip":"::1"}
{"timestamp":"2026-05-13T14:09:45.584Z","adminId":1,"username":"kashif.saleem","method":"GET","url":"/api/admin/overview","statusCode":200,"ip":"::1"}
{"timestamp":"2026-05-13T14:09:54.394Z","adminId":1,"username":"kashif.saleem","method":"GET","url":"/api/admin/overview","statusCode":200,"ip":"::1"}
{"timestamp":"2026-05-13T14:11:37.650Z","adminId":1,"username":"kashif.saleem","method":"GET","url":"/api/admin/overview","statusCode":200,"ip":"::1"}
{"timestamp":"2026-05-13T14:11:42.994Z","adminId":1,"username":"kashif.saleem","method":"GET","url":"/api/admin/overview","statusCode":200,"ip":"::1"}
{"timestamp":"2026-05-13T14:11:43.020Z","adminId":1,"username":"kashif.saleem","method":"GET","url":"/api/admin/overview","statusCode":200,"ip":"::1"}
{"timestamp":"2026-05-13T14:11:47.558Z","adminId":1,"username":"kashif.saleem","method":"GET","url":"/api/admin/overview","statusCode":200,"ip":"::1"}
{"timestamp":"2026-05-13T14:12:08.576Z","adminId":1,"username":"kashif.saleem","method":"GET","url":"/api/admin/overview","statusCode":200,"ip":"::1"}
{"timestamp":"2026-05-13T14:12:46.096Z","adminId":1,"username":"kashif.saleem","method":"GET","url":"/api/admin/overview","statusCode":200,"ip":"::1"}
{"timestamp":"2026-05-13T14:16:22.694Z","adminId":1,"username":"kashif.saleem","method":"GET","url":"/api/admin/overview","statusCode":200,"ip":"::1"}
{"timestamp":"2026-05-13T14:16:22.724Z","adminId":1,"username":"kashif.saleem","method":"GET","url":"/api/admin/overview","statusCode":200,"ip":"::1"}
{"timestamp":"2026-05-13T14:19:44.602Z","adminId":1,"username":"kashif.saleem","method":"GET","url":"/api/admin/overview","statusCode":200,"ip":"::1"}
{"timestamp":"2026-05-13T14:21:07.182Z","adminId":1,"username":"kashif.saleem","method":"GET","url":"/api/admin/overview","statusCode":200,"ip":"::1"}
{"timestamp":"2026-05-13T14:21:07.213Z","adminId":1,"username":"kashif.saleem","method":"GET","url":"/api/admin/overview","statusCode":200,"ip":"::1"}
{"timestamp":"2026-05-13T14:38:48.014Z","adminId":1,"username":"kashif.saleem","method":"GET","url":"/api/admin/overview","statusCode":200,"ip":"::1"}
{"timestamp":"2026-05-13T14:38:48.028Z","adminId":1,"username":"kashif.saleem","method":"GET","url":"/api/admin/overview","statusCode":200,"ip":"::1"}
{"timestamp":"2026-05-13T14:45:05.184Z","adminId":1,"username":"kashif.saleem","method":"GET","url":"/api/admin/overview","statusCode":200,"ip":"::1"}
{"timestamp":"2026-05-13T14:45:05.255Z","adminId":1,"username":"kashif.saleem","method":"GET","url":"/api/admin/overview","statusCode":200,"ip":"::1"}
{"timestamp":"2026-05-13T16:27:45.037Z","adminId":1,"username":"kashif.saleem","method":"GET","url":"/api/admin/overview","statusCode":200,"ip":"::1"}
{"timestamp":"2026-05-13T16:27:45.100Z","adminId":1,"username":"kashif.saleem","method":"GET","url":"/api/admin/overview","statusCode":200,"ip":"::1"}
{"timestamp":"2026-05-13T19:21:17.506Z","adminId":1,"username":"kashif.saleem","method":"GET","url":"/api/admin/overview","statusCode":200,"ip":"::1"}
{"timestamp":"2026-05-13T19:21:17.519Z","adminId":1,"username":"kashif.saleem","method":"GET","url":"/api/admin/overview","statusCode":200,"ip":"::1"}
{"timestamp":"2026-05-14T07:49:37.320Z","adminId":1,"username":"kashif.saleem","method":"GET","url":"/api/admin/overview","statusCode":200,"ip":"::1"}
{"timestamp":"2026-05-14T07:49:37.339Z","adminId":1,"username":"kashif.saleem","method":"GET","url":"/api/admin/overview","statusCode":200,"ip":"::1"}
{"timestamp":"2026-05-14T07:50:49.085Z","adminId":1,"username":"kashif.saleem","method":"GET","url":"/api/admin/overview","statusCode":200,"ip":"::1"}
